
> alux.space@0.1.0 build
> next build && node scripts/seo-build.js

   ▲ Next.js 15.3.0
   - Environments: .env.local

   Creating an optimized production build ...
 ✓ Compiled successfully in 3.0s
   Linting and checking validity of types ...

Failed to compile.

./src/app/mobile/components/ProfileView.tsx
26:341  Warning: Unused eslint-disable directive (no problems were reported from '@next/next/no-img-element').
26:398  Warning: Using `<img>` could result in slower LCP and higher bandwidth. Consider using `<Image />` from `next/image` or a custom image loader to automatically optimize images. This may incur additional usage or cost from your provider. See: https://nextjs.org/docs/messages/no-img-element  @next/next/no-img-element

./src/components/portfolio/MarketIntelligenceClient.tsx
4:18  Error: 'AnimatePresence' is defined but never used.  @typescript-eslint/no-unused-vars

info  - Need to disable some ESLint rules? Learn more here: https://nextjs.org/docs/app/api-reference/config/eslint#disabling-rules
