src/components/mobile/jobseeking/JobSeekingApp.tsx(74,104): error TS2322: Type 'Dispatch<SetStateAction<JobTabType>>' is not assignable to type '(tab: string) => void'.
  Types of parameters 'value' and 'tab' are incompatible.
    Type 'string' is not assignable to type 'SetStateAction<JobTabType>'.
